// Jest Snapshot v1, https://goo.gl/fbAQLP

exports[`renders correctly 1`] = `
<p
  style={
    Object {
      "fontSize": "2rem",
      "hyphens": "auto",
      "textAlign": "justify",
    }
  }
>
  TEST
</p>
`;
