// Jest Snapshot v1, https://goo.gl/fbAQLP

exports[`renders correctly 1`] = `
<strong>
  TEST
</strong>
`;

exports[`renders correctly 2`] = `
<strong
  style={
    Object {
      "color": "green",
    }
  }
>
  TEST
</strong>
`;
