// Jest Snapshot v1, https://goo.gl/fbAQLP

exports[`renders correctly 1`] = `
<div>
  <div
    className="jsx-1307704868 wrapper"
  >
    <p
      style={
        Object {
          "fontSize": "2rem",
          "hyphens": "auto",
          "textAlign": "justify",
        }
      }
    >
      ¡Hola! My name is
    </p>
    <h1
      className="jsx-2345896288"
    >
      <span
        className="jsx-3140515621"
      >
        <a
          className="jsx-3140515621"
          href="/"
          onClick={[Function]}
        >
          Martin Zlámal
        </a>
      </span>
    </h1>
    <p
      style={
        Object {
          "fontSize": "2rem",
          "hyphens": "auto",
          "textAlign": "justify",
        }
      }
    >
      <span
        className="jsx-3140515621"
      >
        <a
          className="jsx-3140515621"
          href="/archive"
          onClick={[Function]}
        >
          ← back to the archive
        </a>
      </span>
    </p>
    <h1
      className="jsx-764030434"
    >
      AJAX upload souborů v Nette pomocí Fine Uploaderu
    </h1>
    <div
      className="jsx-764030434 article"
      dangerouslySetInnerHTML={
        Object {
          "__html": "<p><a href=\\"ajax-upload-souboru-v-nette-pomoci-fine-uploaderu\\">Dříve</a> jsem psal o tom, jak použít Fine Uploader jakožto nástroj pro AJAXové nahrávání souborů na server. Původní článek však platí pouze pro verzi <code>3.*</code>, která je dnes již zastaralá. Pojďme si dnes ukázat v podstatě to samé, ale pro novější verzi <code>4.3+</code>, která se v učitých směrech poměrně zásadně liší od svého předchůdce. Tentokrát se to však pokusím vyřešit co nejjednodušeji.</p>
<p>Začátek je vlastně úplně stejný. Musíme nalinkovat javascriptové soubory:</p>
<pre><code class=\\"hljs lang-html\\"><span class=\\"hljs-comment\\">&lt;!-- jQuery --&gt;</span>
<span class=\\"hljs-tag\\">&lt;<span class=\\"hljs-name\\">script</span> <span class=\\"hljs-attr\\">src</span>=<span class=\\"hljs-string\\">\\"{$basePath}/js/jquery.fineuploader-4.3.1.min.js\\"</span>&gt;</span><span class=\\"undefined\\"></span><span class=\\"hljs-tag\\">&lt;/<span class=\\"hljs-name\\">script</span>&gt;</span>
<span class=\\"hljs-tag\\">&lt;<span class=\\"hljs-name\\">script</span> <span class=\\"hljs-attr\\">src</span>=<span class=\\"hljs-string\\">\\"{$basePath}/js/nette.ajax.js\\"</span>&gt;</span><span class=\\"undefined\\"></span><span class=\\"hljs-tag\\">&lt;/<span class=\\"hljs-name\\">script</span>&gt;</span>
<span class=\\"hljs-tag\\">&lt;<span class=\\"hljs-name\\">script</span> <span class=\\"hljs-attr\\">src</span>=<span class=\\"hljs-string\\">\\"{$basePath}/js/main.js\\"</span>&gt;</span><span class=\\"undefined\\"></span><span class=\\"hljs-tag\\">&lt;/<span class=\\"hljs-name\\">script</span>&gt;</span>
</code></pre>
<p>Použití je úplně jednoduché, ve zjednodušené formě:</p>
<pre><code class=\\"hljs lang-html\\"><span class=\\"hljs-tag\\">&lt;<span class=\\"hljs-name\\">div</span> <span class=\\"hljs-attr\\">id</span>=<span class=\\"hljs-string\\">\\"image-uploader\\"</span>&gt;</span><span class=\\"hljs-tag\\">&lt;/<span class=\\"hljs-name\\">div</span>&gt;</span>
</code></pre>
<p>Snažím se ukázat opravdu jen kritické minimum, protože ty základní věci jsou stejné, případně dohledatelné v dokumentaci, takže se dají oba dva návody z velké části doplnit. Minule jsem však zatáhl do ukázek i poměrně hodně balastu, takže ten u staré verze nechám, ale bude následovat opravdu jen to nejnutnější.</p>
<p>Stejně tedy jako v předchozí verzi následuje javascriptový spouštěcí kód. Zde již vznikají určité odlišnosti:</p>
<pre><code class=\\"hljs lang-javascript\\">$(<span class=\\"hljs-function\\"><span class=\\"hljs-keyword\\">function</span> (<span class=\\"hljs-params\\"></span>) </span>{
    $(<span class=\\"hljs-string\\">'#image-uploader'</span>).fineUploader({
        <span class=\\"hljs-attr\\">debug</span>: <span class=\\"hljs-literal\\">true</span>, <span class=\\"hljs-comment\\">//hodí se pro lazení</span>
        request: {
            <span class=\\"hljs-attr\\">endpoint</span>: <span class=\\"hljs-string\\">'pictures?do=uploadPicture'</span>
        },
        <span class=\\"hljs-attr\\">retry</span>: {
            <span class=\\"hljs-attr\\">enableAuto</span>: <span class=\\"hljs-literal\\">true</span>
        }
    });
});
</code></pre>
<p>Použití je tedy téměř stejné, až na to, že jsem úplně vypustil překlad textů. V této nové verzi jsou totiž novinkou šablony (ostatně proto také nové číslo verze). Uživatel-programátor má tak více pod kontrolou výsledný vzhled uploaderu:</p>
<pre><code class=\\"hljs lang-html\\"><span class=\\"hljs-tag\\">&lt;<span class=\\"hljs-name\\">script</span> <span class=\\"hljs-attr\\">type</span>=<span class=\\"hljs-string\\">\\"text/template\\"</span> <span class=\\"hljs-attr\\">id</span>=<span class=\\"hljs-string\\">\\"qq-template\\"</span>&gt;</span><span class=\\"handlebars\\"><span class=\\"xml\\">
    <span class=\\"hljs-tag\\">&lt;<span class=\\"hljs-name\\">div</span> <span class=\\"hljs-attr\\">class</span>=<span class=\\"hljs-string\\">\\"qq-uploader-selector qq-uploader\\"</span>&gt;</span>
        <span class=\\"hljs-tag\\">&lt;<span class=\\"hljs-name\\">div</span> <span class=\\"hljs-attr\\">class</span>=<span class=\\"hljs-string\\">\\"qq-upload-drop-area-selector qq-upload-drop-area\\"</span> <span class=\\"hljs-attr\\">qq-hide-dropzone</span>&gt;</span>
            <span class=\\"hljs-tag\\">&lt;<span class=\\"hljs-name\\">span</span>&gt;</span>Přetáhněte soubory sem<span class=\\"hljs-tag\\">&lt;/<span class=\\"hljs-name\\">span</span>&gt;</span>
        <span class=\\"hljs-tag\\">&lt;/<span class=\\"hljs-name\\">div</span>&gt;</span>
        <span class=\\"hljs-tag\\">&lt;<span class=\\"hljs-name\\">div</span> <span class=\\"hljs-attr\\">class</span>=<span class=\\"hljs-string\\">\\"qq-upload-button-selector qq-upload-button\\"</span>&gt;</span>
            <span class=\\"hljs-tag\\">&lt;<span class=\\"hljs-name\\">div</span>&gt;</span>Klikněte, nebo přetáhněte obrázky<span class=\\"hljs-tag\\">&lt;/<span class=\\"hljs-name\\">div</span>&gt;</span>
        <span class=\\"hljs-tag\\">&lt;/<span class=\\"hljs-name\\">div</span>&gt;</span>
        <span class=\\"hljs-tag\\">&lt;<span class=\\"hljs-name\\">span</span> <span class=\\"hljs-attr\\">class</span>=<span class=\\"hljs-string\\">\\"qq-drop-processing-selector qq-drop-processing\\"</span>&gt;</span>
           <span class=\\"hljs-tag\\">&lt;<span class=\\"hljs-name\\">span</span>&gt;</span>Zpracovávám přetažené soubory...<span class=\\"hljs-tag\\">&lt;/<span class=\\"hljs-name\\">span</span>&gt;</span>
           <span class=\\"hljs-tag\\">&lt;<span class=\\"hljs-name\\">span</span> <span class=\\"hljs-attr\\">class</span>=<span class=\\"hljs-string\\">\\"qq-drop-processing-spinner-selector qq-drop-processing-spinner\\"</span>&gt;</span><span class=\\"hljs-tag\\">&lt;/<span class=\\"hljs-name\\">span</span>&gt;</span>
        <span class=\\"hljs-tag\\">&lt;/<span class=\\"hljs-name\\">span</span>&gt;</span>
        <span class=\\"hljs-tag\\">&lt;<span class=\\"hljs-name\\">ul</span> <span class=\\"hljs-attr\\">class</span>=<span class=\\"hljs-string\\">\\"qq-upload-list-selector qq-upload-list\\"</span>&gt;</span>
            <span class=\\"hljs-tag\\">&lt;<span class=\\"hljs-name\\">li</span>&gt;</span>
                <span class=\\"hljs-tag\\">&lt;<span class=\\"hljs-name\\">div</span> <span class=\\"hljs-attr\\">class</span>=<span class=\\"hljs-string\\">\\"qq-progress-bar-container-selector\\"</span>&gt;</span>
                    <span class=\\"hljs-tag\\">&lt;<span class=\\"hljs-name\\">div</span> <span class=\\"hljs-attr\\">class</span>=<span class=\\"hljs-string\\">\\"qq-progress-bar-selector qq-progress-bar\\"</span>&gt;</span><span class=\\"hljs-tag\\">&lt;/<span class=\\"hljs-name\\">div</span>&gt;</span>
                <span class=\\"hljs-tag\\">&lt;/<span class=\\"hljs-name\\">div</span>&gt;</span>
                <span class=\\"hljs-tag\\">&lt;<span class=\\"hljs-name\\">span</span> <span class=\\"hljs-attr\\">class</span>=<span class=\\"hljs-string\\">\\"qq-upload-spinner-selector qq-upload-spinner\\"</span>&gt;</span><span class=\\"hljs-tag\\">&lt;/<span class=\\"hljs-name\\">span</span>&gt;</span>
                <span class=\\"hljs-tag\\">&lt;<span class=\\"hljs-name\\">img</span> <span class=\\"hljs-attr\\">class</span>=<span class=\\"hljs-string\\">\\"qq-thumbnail-selector\\"</span> <span class=\\"hljs-attr\\">qq-max-size</span>=<span class=\\"hljs-string\\">\\"100\\"</span> <span class=\\"hljs-attr\\">qq-server-scale</span>&gt;</span>
                <span class=\\"hljs-tag\\">&lt;<span class=\\"hljs-name\\">span</span> <span class=\\"hljs-attr\\">class</span>=<span class=\\"hljs-string\\">\\"qq-edit-filename-icon-selector qq-edit-filename-icon\\"</span>&gt;</span><span class=\\"hljs-tag\\">&lt;/<span class=\\"hljs-name\\">span</span>&gt;</span>
                <span class=\\"hljs-tag\\">&lt;<span class=\\"hljs-name\\">span</span> <span class=\\"hljs-attr\\">class</span>=<span class=\\"hljs-string\\">\\"qq-upload-file-selector qq-upload-file\\"</span>&gt;</span><span class=\\"hljs-tag\\">&lt;/<span class=\\"hljs-name\\">span</span>&gt;</span>
                <span class=\\"hljs-tag\\">&lt;<span class=\\"hljs-name\\">input</span> <span class=\\"hljs-attr\\">class</span>=<span class=\\"hljs-string\\">\\"qq-edit-filename-selector qq-edit-filename\\"</span> <span class=\\"hljs-attr\\">tabindex</span>=<span class=\\"hljs-string\\">\\"0\\"</span> <span class=\\"hljs-attr\\">type</span>=<span class=\\"hljs-string\\">\\"text\\"</span>&gt;</span>
                <span class=\\"hljs-tag\\">&lt;<span class=\\"hljs-name\\">span</span> <span class=\\"hljs-attr\\">class</span>=<span class=\\"hljs-string\\">\\"qq-upload-size-selector qq-upload-size\\"</span>&gt;</span><span class=\\"hljs-tag\\">&lt;/<span class=\\"hljs-name\\">span</span>&gt;</span>
                <span class=\\"hljs-tag\\">&lt;<span class=\\"hljs-name\\">a</span> <span class=\\"hljs-attr\\">class</span>=<span class=\\"hljs-string\\">\\"qq-upload-cancel-selector qq-upload-cancel\\"</span> <span class=\\"hljs-attr\\">href</span>=<span class=\\"hljs-string\\">\\"#\\"</span>&gt;</span>Zrušit<span class=\\"hljs-tag\\">&lt;/<span class=\\"hljs-name\\">a</span>&gt;</span>
                <span class=\\"hljs-tag\\">&lt;<span class=\\"hljs-name\\">a</span> <span class=\\"hljs-attr\\">class</span>=<span class=\\"hljs-string\\">\\"qq-upload-retry-selector qq-upload-retry\\"</span> <span class=\\"hljs-attr\\">href</span>=<span class=\\"hljs-string\\">\\"#\\"</span>&gt;</span>Opakovat<span class=\\"hljs-tag\\">&lt;/<span class=\\"hljs-name\\">a</span>&gt;</span>
                <span class=\\"hljs-tag\\">&lt;<span class=\\"hljs-name\\">a</span> <span class=\\"hljs-attr\\">class</span>=<span class=\\"hljs-string\\">\\"qq-upload-delete-selector qq-upload-delete\\"</span> <span class=\\"hljs-attr\\">href</span>=<span class=\\"hljs-string\\">\\"#\\"</span>&gt;</span>Smazat<span class=\\"hljs-tag\\">&lt;/<span class=\\"hljs-name\\">a</span>&gt;</span>
                <span class=\\"hljs-tag\\">&lt;<span class=\\"hljs-name\\">span</span> <span class=\\"hljs-attr\\">class</span>=<span class=\\"hljs-string\\">\\"qq-upload-status-text-selector qq-upload-status-text\\"</span>&gt;</span><span class=\\"hljs-tag\\">&lt;/<span class=\\"hljs-name\\">span</span>&gt;</span>
            <span class=\\"hljs-tag\\">&lt;/<span class=\\"hljs-name\\">li</span>&gt;</span>
        <span class=\\"hljs-tag\\">&lt;/<span class=\\"hljs-name\\">ul</span>&gt;</span>
    <span class=\\"hljs-tag\\">&lt;/<span class=\\"hljs-name\\">div</span>&gt;</span>
</span></span><span class=\\"hljs-tag\\">&lt;/<span class=\\"hljs-name\\">script</span>&gt;</span>
</code></pre>
<p>A opět následuje zpracování v handleru:</p>
<pre><code class=\\"hljs lang-php\\"><span class=\\"hljs-keyword\\">public</span> <span class=\\"hljs-function\\"><span class=\\"hljs-keyword\\">function</span> <span class=\\"hljs-title\\">handleUploadPicture</span><span class=\\"hljs-params\\">()</span> </span>{
    $uploader = <span class=\\"hljs-keyword\\">new</span> \\\\UploadHandler();
    $uploader-&gt;allowedExtensions = <span class=\\"hljs-keyword\\">array</span>(<span class=\\"hljs-string\\">\\"jpeg\\"</span>, <span class=\\"hljs-string\\">\\"jpg\\"</span>, <span class=\\"hljs-string\\">\\"png\\"</span>, <span class=\\"hljs-string\\">\\"gif\\"</span>);
    $result = $uploader-&gt;handleUpload(<span class=\\"hljs-keyword\\">__DIR__</span> . <span class=\\"hljs-string\\">'/../../www/uploads'</span>);
    <span class=\\"hljs-keyword\\">$this</span>-&gt;sendResponse(<span class=\\"hljs-keyword\\">new</span> Nette\\\\Application\\\\Responses\\\\JsonResponse($result));
}
</code></pre>
<p>Zde celkem není co pokazit, ale pokud by bylo potřeba vrátit chybu, provede se to opět pomocí <code>JsonResponse</code>:</p>
<pre><code class=\\"hljs lang-php\\"><span class=\\"hljs-keyword\\">$this</span>-&gt;sendResponse(<span class=\\"hljs-keyword\\">new</span> Nette\\\\Application\\\\Responses\\\\JsonResponse(<span class=\\"hljs-keyword\\">array</span>(
        <span class=\\"hljs-string\\">'error'</span> =&gt; $exc-&gt;getMessage(),
)));
</code></pre>
<p>Samotná třída <code>UploadHandler</code> je pak opět k nalezení na <a href=\\"https://github.com/Widen/fine-uploader-server/blob/master/php/traditional/handler.php\\">GitHubu</a>. Tento návod tedy mohu zakončit vlastní citací:</p>
<blockquote>
<p>A to je vlastně úplně celé. Stačí tedy spustit Fine Uploader na straně klienta například podle oficiálních návodů, endpoint nastavit na nějaký handle v aplikaci a ten správně použit. To konkrétně obnáší odeslání JSON odpovědi o úspěšném zpracování obrázku.</p>
</blockquote>
",
        }
      }
    />
    <p
      style={
        Object {
          "fontSize": "2rem",
          "hyphens": "auto",
          "textAlign": "justify",
        }
      }
    >
      <strong>
        Do you have any comments? That's great!
         
        <span
          className="jsx-3140515621"
        >
          <a
            className="jsx-3140515621 "
            href="https://twitter.com/home?status=https%3A%2F%2Fzlml.cz%2Fajax-upload-souboru-v-nette-pomoci-fine-uploaderu-2%20cc%20%40mrtnzlml"
          >
            Tweet them
          </a>
        </span>
         
        so everyone can hear you…
      </strong>
    </p>
    <p
      style={
        Object {
          "fontSize": "2rem",
          "hyphens": "auto",
          "textAlign": "justify",
        }
      }
    >
      <span
        className="jsx-3140515621"
      >
        <a
          className="jsx-3140515621"
          href="/archive"
          onClick={[Function]}
        >
          ← back to the archive
        </a>
      </span>
    </p>
  </div>
</div>
`;
