// Jest Snapshot v1, https://goo.gl/fbAQLP

exports[`renders correctly 1`] = `
<div>
  <div
    className="jsx-1307704868 wrapper"
  >
    <p
      style={
        Object {
          "fontSize": "2rem",
          "hyphens": "auto",
          "textAlign": "justify",
        }
      }
    >
      ¡Hola! My name is
    </p>
    <h1
      className="jsx-2345896288"
    >
      <span
        className="jsx-3140515621"
      >
        <a
          className="jsx-3140515621"
          href="/"
          onClick={[Function]}
        >
          Martin Zlámal
        </a>
      </span>
    </h1>
    <p
      style={
        Object {
          "fontSize": "2rem",
          "hyphens": "auto",
          "textAlign": "justify",
        }
      }
    >
      <span
        className="jsx-3140515621"
      >
        <a
          className="jsx-3140515621"
          href="/archive"
          onClick={[Function]}
        >
          ← back to the archive
        </a>
      </span>
    </p>
    <h1
      className="jsx-764030434"
    >
      Fix compatibility with Nette 2.4
    </h1>
    <div
      className="jsx-764030434 article"
      dangerouslySetInnerHTML={
        Object {
          "__html": "<p>Právě v těchto dnech přichází další významná minor verze Nette balíčků do vašich vendorů. Událo se velké množství změn a to zejména pod kapotou. To si však s sebou nese určitou daň a tou je potřeba učinit pár úprav v kódu, které zajistí kompatibilitu. Těchto úprav není mnoho. A když už jsou, tak na ně Nette upozorní třeba prostřednictvím <code>E_USER_DEPRECATED</code>. Pokud však pracujete se složitější aplikací, která třeba nebyla původně postavená na Nette, může být taková úprava docela lopota.</p>
<p>Zde se tedy nedočtete co je v Nette nového, ale jak co upravit a na co jsem narazil, když jsem tuto kompatibilitu rešil.</p>
<h2 id=\\"-pravy-v-latte\\">Úpravy v Latte <a href=\\"#-pravy-v-latte\\">#</a></h2><p>Jelikož pracuji na starším projektu, který je původem non-Nette, tak je zvykem používat PHP konstanty. Všude. Zatímco dříve stačilo používat <code>{=NAZEV_KONSTANTY}</code>, teď je nutné konstantu přímo označit <code>{=constant(&#39;NAZEV_KONSTANTY&#39;)}</code>, aby bylo jednoznačně jasné, že se jedná skutečně o konstantu. Jedna z velmi užitečných vlastností Latte bylo to, že nebyl problém napsat PHP kód do klasických PHP tagů <code>&lt;?php</code>. Existovalo makro <code>{?</code>, ale dnes je doporučované pouze <code>{php ...}</code>. Toto je zároveň jediná věc, která mě štve, protože dříve bylo převádění externích šablon do Latte velmi jednoduché. Tímto se vše komplikuje.</p>
<p>Velké změny jsou pod kaptou Latte. Pokud máte vlastní <code>Template</code> objekt (a tedy i vlastní <code>TemplateFactory</code>, protože to jinak udělat nejde), doporučuji udělat aktualizaci podle masteru. Asi nejzásadnější změna je právě v <code>TemplateFactory</code> při naplňování šablony:</p>
<pre><code class=\\"hljs lang-php\\"><span class=\\"hljs-comment\\">// default parameters</span>
$template-&gt;user = <span class=\\"hljs-keyword\\">$this</span>-&gt;user;
$template-&gt;baseUri = $template-&gt;baseUrl = <span class=\\"hljs-keyword\\">$this</span>-&gt;httpRequest ? rtrim(<span class=\\"hljs-keyword\\">$this</span>-&gt;httpRequest-&gt;getUrl()-&gt;getBaseUrl(), <span class=\\"hljs-string\\">'/'</span>) : <span class=\\"hljs-keyword\\">NULL</span>;
$template-&gt;basePath = preg_replace(<span class=\\"hljs-string\\">'#https?://[^/]+#A'</span>, <span class=\\"hljs-string\\">''</span>, $template-&gt;baseUrl);
$template-&gt;flashes = [];
<span class=\\"hljs-keyword\\">if</span> ($control) {
    $template-&gt;control = $control;
    $template-&gt;presenter = $presenter;
    $latte-&gt;addProvider(<span class=\\"hljs-string\\">'uiControl'</span>, $control);
    $latte-&gt;addProvider(<span class=\\"hljs-string\\">'uiPresenter'</span>, $presenter);
    $latte-&gt;addProvider(<span class=\\"hljs-string\\">'snippetBridge'</span>, <span class=\\"hljs-keyword\\">new</span> Nette\\\\Bridges\\\\ApplicationLatte\\\\SnippetBridge($control));
}
$latte-&gt;addProvider(<span class=\\"hljs-string\\">'cacheStorage'</span>, <span class=\\"hljs-keyword\\">$this</span>-&gt;cacheStorage);
</code></pre>
<p>Nově se používají tzv. providery, které lze získat takto: <code>$template-&gt;getLatte()-&gt;getProviders()</code>. Pokud tedy máte např. vlastní Latte makra, tak ty je zapotřebí změnit v tomto duchu: z <code>$_control-&gt;link(...</code> na <code>$this-&gt;global-&gt;uiControl-&gt;link(...</code>.</p>
<h2 id=\\"-pravy-v-nette\\">Úpravy v Nette <a href=\\"#-pravy-v-nette\\">#</a></h2><p>Relativně nedávnou změnou je absence metody <code>Nette\\\\Utils\\\\Html::add</code>. Ta je nahrazena kombinací <code>addText</code> resp. <code>addHtml</code>. Touto změnou by se mělo zajistit, že programátor nepošle do šablony HTML kód o kterém si myslí, že je escapovaný, ale on ve skutečnosti není.</p>
<p>Asi největší myšlenkový obrat způsobila změna chování rout. Konkrétně <code>Route::SECURED</code>. Od samého začátku co dělám s Nette jsem tento příznak chápal blbě a <a href=\\"https://forum.nette.org/cs/26348-route-secured-nevynucuje-https-100\\">nejsem sám</a>. Nově Nette zachovává takový protokol, s kterým uživatel přišel. Pokud potřebujete aplikaci na HTTPS, tak správné řešení je nastavit toto chování na úrovni serveru, třeba takto:</p>
<pre><code class=\\"hljs\\">RewriteCond %{HTTPS} !=on
RewriteRule ^(.*)$ https://%{HTTP_HOST}%{REQUEST_URI} [L,R=301]
</code></pre><p>Pokud i přesto potřebujeme generovat odkazy v aplikaci s HTTPS (k čemuž byl určen <code>Route::SECURED</code> příznak), můžeme tak učinit vepsáním protokolu do masky routy. Dva příklady řeknou více než tisíc slov:</p>
<pre><code class=\\"hljs lang-php\\">$router[] = <span class=\\"hljs-keyword\\">new</span> Route(<span class=\\"hljs-string\\">'rss/novinky.php'</span>, <span class=\\"hljs-string\\">'Front:Rss:novinky'</span>); <span class=\\"hljs-comment\\">//celý web je na HTTP</span>
<span class=\\"hljs-keyword\\">$this</span>-&gt;link(<span class=\\"hljs-string\\">'//:Front:Rss:novinky'</span>); <span class=\\"hljs-comment\\">//vygeneruje: http://example.com/rss/novinky.php</span>

$router[] = <span class=\\"hljs-keyword\\">new</span> Route(<span class=\\"hljs-string\\">'https://%host%/rss/novinky.php'</span>, <span class=\\"hljs-string\\">'Front:Rss:novinky'</span>); <span class=\\"hljs-comment\\">//celý web je stále na HTTP</span>
<span class=\\"hljs-keyword\\">$this</span>-&gt;link(<span class=\\"hljs-string\\">'//:Front:Rss:novinky'</span>); <span class=\\"hljs-comment\\">//vygeneruje: https://example.com/rss/novinky.php</span>
</code></pre>
<p>Ve stejném smyslu je zapotřebí upravit i <a href=\\"https://github.com/mrtnzlml/static-router/commit/0b3ab17472cf2d051f7e4b9878354f3446cc55ff\\">vlastní routery</a>. Takže zpátky z šicím strojům opravit si aplikace... :)</p>
<h2 id=\\"p-r-dal-ch-drobnost-a-post-eh-\\">Pár dalších drobností a postřehů <a href=\\"#p-r-dal-ch-drobnost-a-post-eh-\\">#</a></h2><p>Místo <code>Nette\\\\Object</code> je teď možné používat traitu <code>Nette\\\\SmartObject</code>. Tato traita se od svého předchůdce liší v několika drobnostech. Více informací je rozepsáno v <a href=\\"https://forum.nette.org/cs/26250-pojdte-otestovat-nette-2-4-rc#p173934\\">tomto vláknu na fóru</a>. S tím se váže to, že občas je potřeba změnit podobné zápisy: z <code>$this-&gt;reflection</code> na <code>$this-&gt;getReflection()</code>. Drtivá část věcí se snad odladila, takže není třeba nic řešit. Jsou však místa (jako ta reflexe), kdy si to raději změním ve svém kódu.</p>
<p>Jak se na fóru dočtete, tak <code>Nette\\\\SmartObject</code> nepodporuje <a href=\\"https://doc.nette.org/cs/2.3/php-language-enhancements#toc-rozsirujici-metody\\">extension methods</a>. To se často využívá u vlastních formulářových prvků. Náhrada je opět jednoduchá a logická:</p>
<pre><code class=\\"hljs lang-php\\">BaseControl::extensionMethod(<span class=\\"hljs-string\\">'addHelp'</span>, <span class=\\"hljs-function\\"><span class=\\"hljs-keyword\\">function</span> <span class=\\"hljs-params\\">(... //původně
ObjectMixin::setExtensionMethod<span class=\\"hljs-params\\">(BaseControl::class, <span class=\\"hljs-string\\">'addHelp'</span>, function <span class=\\"hljs-params\\">(... //nově</span></span></span></span>
</code></pre>
<p>S čím jsem měl trošku problémy byla Tracy. Jedna z rad byla vypnout debugger, ale toto by již mělo být vyřešené:</p>
<pre><code class=\\"hljs lang-neon\\">session:
    debugger: no
</code></pre>
<p>Pokud se vám tedy načítá stránka bez zjevného důvodu dlouho, vyzkoušejte vypnout tento panel. Asi nejvíce problémy budou dělat knihovny třetích stran. Zejména Kdyby mi dělá největší vrásky na čele. Bohužel autor nemá čas tyto věci řešit, takže <a href=\\"https://github.com/Kdyby/Events/pull/100\\">celý internet čeká</a>... :) Zároveň se např. v Kdyby/Doctrine (<code>dev-master</code> kde je lecos již opravené) oddělilo několik komponent do vlastních repozitářů. To se ukázalo jako překvapivě velký BC break, který nemá jednoduché řešení. Například zatímco dříve měl Testbench Doctrine jako volitelnou závislost, tak dnes musí mít navíc i <code>kdyby/doctrine-dbal-batchimport</code>. To je pro uživatele velmi nepříjmené, protože na to musí myslet. Zatím nevím co s tím...</p>
<p>Dočasná vhodná kombinace (pro zajištění kompatibility s Nette 2.4) pro Kdyby balíčky, které používám já je tato:</p>
<pre><code class=\\"hljs lang-js\\">{
  <span class=\\"hljs-string\\">\\"repositories\\"</span>: [
    {
      <span class=\\"hljs-string\\">\\"type\\"</span>: <span class=\\"hljs-string\\">\\"vcs\\"</span>,
      <span class=\\"hljs-string\\">\\"url\\"</span>: <span class=\\"hljs-string\\">\\"https://github.com/mrtnzlml/Events\\"</span>
    }
  ],
  <span class=\\"hljs-string\\">\\"require\\"</span>: {
    <span class=\\"hljs-string\\">\\"kdyby/console\\"</span>: <span class=\\"hljs-string\\">\\"^2.5\\"</span>,
    <span class=\\"hljs-string\\">\\"kdyby/doctrine\\"</span>: <span class=\\"hljs-string\\">\\"dev-master\\"</span>,
    <span class=\\"hljs-string\\">\\"kdyby/doctrine-cache\\"</span>: <span class=\\"hljs-string\\">\\"dev-master\\"</span>,
    <span class=\\"hljs-string\\">\\"kdyby/doctrine-dbal-batchimport\\"</span>: <span class=\\"hljs-string\\">\\"dev-master\\"</span>,
    <span class=\\"hljs-string\\">\\"kdyby/events\\"</span>: <span class=\\"hljs-string\\">\\"dev-patch-1 as 3.0.x-dev\\"</span>,
    <span class=\\"hljs-string\\">\\"kdyby/fake-session\\"</span>: <span class=\\"hljs-string\\">\\"^2.0\\"</span>,
    <span class=\\"hljs-string\\">\\"kdyby/monolog\\"</span>: <span class=\\"hljs-string\\">\\"^1.2\\"</span>,
  }
}
</code></pre>
<p>Z toho důvodu bych možná raději doporučoval chvíli počkat, protože je s tím velké (a hlavně zbytečné) trápení. A když už jsem se opřel i o Testbench. I zde se z důvodu kompatibility ukáže BC break. Mock linky se budou generovat <a href=\\"https://github.com/mrtnzlml/testbench/blob/master/tests/Mocks/ControlMock.phpt#L22-L25\\">v jiném formátu</a> (kompatibilním s Testerem).</p>
<p>Máte při přechodu ještě nějaký problém?</p>
",
        }
      }
    />
    <p
      style={
        Object {
          "fontSize": "2rem",
          "hyphens": "auto",
          "textAlign": "justify",
        }
      }
    >
      <strong>
        Do you have any comments? That's great!
         
        <span
          className="jsx-3140515621"
        >
          <a
            className="jsx-3140515621 "
            href="https://twitter.com/home?status=https%3A%2F%2Fzlml.cz%2Ffix-compatibility-with-nette-2-4%20cc%20%40mrtnzlml"
          >
            Tweet them
          </a>
        </span>
         
        so everyone can hear you…
      </strong>
    </p>
    <p
      style={
        Object {
          "fontSize": "2rem",
          "hyphens": "auto",
          "textAlign": "justify",
        }
      }
    >
      <span
        className="jsx-3140515621"
      >
        <a
          className="jsx-3140515621"
          href="/archive"
          onClick={[Function]}
        >
          ← back to the archive
        </a>
      </span>
    </p>
  </div>
</div>
`;
