// Jest Snapshot v1, https://goo.gl/fbAQLP

exports[`renders correctly 1`] = `
<div>
  <div
    className="jsx-1307704868 wrapper"
  >
    <p
      style={
        Object {
          "fontSize": "2rem",
          "hyphens": "auto",
          "textAlign": "justify",
        }
      }
    >
      ¡Hola! My name is
    </p>
    <h1
      className="jsx-2279252371"
    >
      <span
        className="jsx-3168189516"
      >
        <a
          className="jsx-3168189516"
          href="/"
          onClick={[Function]}
        >
          Martin Zlámal
        </a>
      </span>
    </h1>
    <p
      style={
        Object {
          "fontSize": "2rem",
          "hyphens": "auto",
          "textAlign": "justify",
        }
      }
    >
      <span
        className="jsx-3168189516"
      >
        <a
          className="jsx-3168189516"
          href="/archive"
          onClick={[Function]}
        >
          ← back to the archive
        </a>
      </span>
    </p>
    <h1
      className="jsx-764030434"
    >
      Jednoduché testování pro úplně každého
    </h1>
    <div
      className="jsx-764030434 article"
      dangerouslySetInnerHTML={
        Object {
          "__html": "<p>Konec slibů, článek je tu. Tentokrát se rozepíšu o nástroji <a href=\\"https://github.com/mrtnzlml/testbench\\">Testbench</a>. Testbench by měl pomoci s rychlým testováním Nette aplikace. Je zaměřen spíše integračně a vhodně doplňuje <a href=\\"https://tester.nette.org/\\">Nette\\\\Tester</a>, který je zaměřen spíše jednotkově. Myšlenka, která stála za vytvořením tohoto nástroje je velmi prostá - testování je složité. Je složité hlavně pro lidi, kteří dokonale nerozumí problému. Proto je tento nástroj zaměřen na rychlý start pro úplně každého (kdo si prošel alespoň quickstart a chce testovat). To se projevuje v tom, jak je Testbench postaven (viz další povídání). Testbench se sestává z různých nápadů, které jsem všude možně okoukal za posledních X měsíců a něco mě na nich zaujalo. Pojďme se tedy společně podívat jak se Testbench používá a proč ho sám rád používám pro rychlé testy.</p>
<h2 id=\\"z-kladn-nastaven-testovac-ho-prost-ed-\\">Základní nastavení testovacího prostředí <a href=\\"#z-kladn-nastaven-testovac-ho-prost-ed-\\">#</a></h2><p>U každého testování je vhodné testovat v co nejvíce čistém prostředí. Proto je dobrý nápad vytvořit si vlastní bootstrap (<code>tests/bootstrap.php</code>), jehož obsah může být velmi jednoduchý:</p>
<pre><code class=\\"hljs lang-php\\"><span class=\\"hljs-meta\\">&lt;?php</span>

<span class=\\"hljs-keyword\\">require</span> <span class=\\"hljs-keyword\\">__DIR__</span> . <span class=\\"hljs-string\\">'/../vendor/autoload.php'</span>;

Testbench\\\\Bootstrap::setup(<span class=\\"hljs-keyword\\">__DIR__</span> . <span class=\\"hljs-string\\">'/_temp'</span>);
</code></pre>
<p>Jediným parametrem se nastaví odkládací složka pro cache testů a testy jsou připraveny. Prakticky jsou však potřeba další dodatečné konfigurace. Zde pomůže druhý parametr <code>setup</code> metody:</p>
<pre><code class=\\"hljs lang-php\\">Testbench\\\\Bootstrap::setup(<span class=\\"hljs-keyword\\">__DIR__</span> . <span class=\\"hljs-string\\">'/_temp'</span>, <span class=\\"hljs-function\\"><span class=\\"hljs-keyword\\">function</span> <span class=\\"hljs-params\\">(Nette\\\\Configurator $configurator)</span> </span>{
    $configurator-&gt;createRobotLoader()-&gt;addDirectory([
        <span class=\\"hljs-keyword\\">__DIR__</span> . <span class=\\"hljs-string\\">'/../app'</span>,
    ])-&gt;register();

    $configurator-&gt;addParameters([
        <span class=\\"hljs-string\\">'appDir'</span> =&gt; <span class=\\"hljs-keyword\\">__DIR__</span> . <span class=\\"hljs-string\\">'/../app'</span>,
        <span class=\\"hljs-string\\">'testsDir'</span> =&gt; <span class=\\"hljs-keyword\\">__DIR__</span>,
    ]);

    $configurator-&gt;addConfig(<span class=\\"hljs-keyword\\">__DIR__</span> . <span class=\\"hljs-string\\">'/../app/config/config.neon'</span>);
    $configurator-&gt;addConfig(<span class=\\"hljs-keyword\\">__DIR__</span> . <span class=\\"hljs-string\\">'/tests.neon'</span>);
});
</code></pre>
<p>Proč takto zvláštně přes callback? Zvykem je totiž, že bootstrap vrací rovnou instanci DIC. To se však hodí pouze pro aplikaci, nikoliv pro testy. Testbench si oproti tomu tuto konfiguraci uschová a když bude někdy v testech potřeba DIC, tak si jej pomocí této konfiguraci vytvoří. Tento kontejner navíc vytváří pouze jednou, aby se ušetřil čas při dalším testování.</p>
<p>Díky tomu, že se Testbench stará o DI kontejner sám, může si dovolit dělat zajímavé věci. Jednou z nich je například skutečnost, že se sám registruje jako rozšíření do DIC, takže je možné v konfiguračních NEON souborech používat sekci <code>testbench</code>. Ta se v současné době hodí pouze pro práci s databází:</p>
<pre><code class=\\"hljs lang-neon\\">testbench:
    dbname: &lt;nazev_databaze&gt;
    sqls:
        - %testsDir%/_helpers/sqls/1.sql
        - %testsDir%/_helpers/sqls/2.sql
</code></pre>
<p>Přesně tak. Když přijde na přetřes práce s databází (zatím jen Doctrine), Testbench si vytvoří úplně čistou databázi (kterou na konci testu smaže) a postupně do ní nahraje zde vyjmenované SQL soubory (např. pro základní strukturu + nějaká demo data). Název databáze je zde potřeba z toho důvodu, že se při mazání potřebuje na nějakou databázi připojit a tu dočasnou (testovací databázi) smazat. Zatím nevím, jak to udělat lépe.</p>
<p>Toto je asi tak vše, co je potřeba udělat před prvním spuštěním. K dispozici je potom spustitelný skript ve vendoru <code>vendor/bin/run-tests</code>, který funguje na Win i na Linuxu a pokud je vše připraveno podle předchozího návodu, tak po spuštění promaže cache testů, nastaví správně Nette\\\\Tester a spustí jej. Zde asi časem budu dělat ještě hodně úprav, ale chci je dělat postupně - jak co bude potřeba.</p>
<h2 id=\\"testujeme-presentery\\">Testujeme presentery <a href=\\"#testujeme-presentery\\">#</a></h2><p>U testování presenterů to vlastně celé začalo. Napsat si takový základní test na presenter je velmi jednoduché. Stačí použít tu správnou traitu a je půl práce hotovo:</p>
<pre><code class=\\"hljs lang-php\\"><span class=\\"hljs-meta\\">&lt;?php</span> <span class=\\"hljs-comment\\">//HomepagePresenterTest.phpt</span>

<span class=\\"hljs-keyword\\">require</span> <span class=\\"hljs-keyword\\">__DIR__</span> . <span class=\\"hljs-string\\">'/../bootstrap.php'</span>;

<span class=\\"hljs-comment\\">/**
 * <span class=\\"hljs-doctag\\">@testCase</span>
 */</span>
<span class=\\"hljs-class\\"><span class=\\"hljs-keyword\\">class</span> <span class=\\"hljs-title\\">HomepagePresenterTest</span> <span class=\\"hljs-keyword\\">extends</span> \\\\<span class=\\"hljs-title\\">Tester</span>\\\\<span class=\\"hljs-title\\">TestCase</span>
</span>{

    <span class=\\"hljs-keyword\\">use</span> \\\\<span class=\\"hljs-title\\">Testbench</span>\\\\<span class=\\"hljs-title\\">TPresenter</span>;

    <span class=\\"hljs-keyword\\">public</span> <span class=\\"hljs-function\\"><span class=\\"hljs-keyword\\">function</span> <span class=\\"hljs-title\\">testRenderDefault</span><span class=\\"hljs-params\\">()</span>
    </span>{
        <span class=\\"hljs-keyword\\">$this</span>-&gt;checkAction(<span class=\\"hljs-string\\">'Homepage:default'</span>);
    }

    <span class=\\"hljs-keyword\\">public</span> <span class=\\"hljs-function\\"><span class=\\"hljs-keyword\\">function</span> <span class=\\"hljs-title\\">testRenderDefaultModule</span><span class=\\"hljs-params\\">()</span>
    </span>{
        <span class=\\"hljs-keyword\\">$this</span>-&gt;checkAction(<span class=\\"hljs-string\\">'Module:Homepage:default'</span>);
    }

}

(<span class=\\"hljs-keyword\\">new</span> HomepagePresenterTest())-&gt;run();
</code></pre>
<p>Z této ukázky plyne jedna důležitá věc. Testbench podporuje pouze PHP 5.4 a více (5.5, 5.6, 7.0 a HHVM). Co se zde vlastně testuje? Testbench si přebere první parametr, spustí danou akci na daném presenteru a provede úplně nejzákladnější testy které lze provést. To je konkrétně kontrola správné odpovědi a dále se pokusí najít základní HTML prvky na stránce. Je to velmi jednoduchý test, ale o tom to celé je. Už samotné spuštění akce presenteru může odhalit nějaké hloupé chyby v aplikaci. Že je to málo? Metoda <code>checkAction</code> vrací <a href=\\"https://api.nette.org/2.3.8/Nette.Application.IResponse.html\\">IResponse</a>, takže je možné dopsat si vlastní testy podle potřeby. V tomto duchu se to celé nese - otestovat jen to základní a nudné a předat otěže programátorovi, ať si své speciální případy otestuje sám.</p>
<p>Takových základních a nudných věcí ja samozřejmě více (viz <a href=\\"https://github.com/mrtnzlml/testbench/blob/master/readme.md\\">readme</a>). Může se hodit například testování přesměrování <code>checkRedirect</code>, signálů <code>checkSignal</code>, JSON odpovědí <code>checkJson</code> nebo testování RSS a sitemap (<code>checkRss</code> a <code>checkSitemap</code>). Zajímavé může být také testování formulářů:</p>
<pre><code class=\\"hljs lang-php\\"><span class=\\"hljs-keyword\\">public</span> <span class=\\"hljs-function\\"><span class=\\"hljs-keyword\\">function</span> <span class=\\"hljs-title\\">testSearchForm</span><span class=\\"hljs-params\\">()</span>
</span>{
    $response = <span class=\\"hljs-keyword\\">$this</span>-&gt;checkForm(<span class=\\"hljs-string\\">'&lt;action-name&gt;'</span>, <span class=\\"hljs-string\\">'&lt;form-name&gt;'</span>, [
        <span class=\\"hljs-string\\">'input'</span> =&gt; <span class=\\"hljs-string\\">'value'</span>,
    ]);

    <span class=\\"hljs-comment\\">//Tester\\\\Assert::... with IResponse $response</span>
}
</code></pre>
<p>Opět se Testbench postará o potřebné nudné náležitosti, otestuje to základní a vrátí zpět odpověď se kterou je možné cokoliv dalšího je potřeba. Tesbench &quot;by default&quot; testuje, jestli došlo po odeslání formuláře k přesměrování. To je asi nejčastnější chování u formulářů. Neprovedení přesměrování je tedy považováno za chybu. Toto lze ovlivnit čtvrtým parametrem. Ten může být <code>FALSE</code> - kontrola na přesměrování se neprovádí, nebo může být přímo nějaká URL cesta. Pak se kontroluje, jestli formulář přesměroval na správnou URL.</p>
<p>K dispozici je ještě AJAX varianta <code>checkAjaxForm</code>, která testuje formulář v AJAX módu aplikace a jako výsledek očekává <a href=\\"https://api.nette.org/2.3.8/Nette.Application.Responses.JsonResponse.html\\">JsonResponse</a>. Čtvrtým parametrem lze pak předat cestu jako v předchozím případě. V této situaci se nejdříve provede test formuláře s normálním přesměrováním a následně ještě ten samý formulář v AJAX módu.</p>
<p>V neposlední řadě je možné se v testech přihlašova a odhlašovat podle libosti pomocí metod <code>logIn</code> a <code>logOut</code>.</p>
<h2 id=\\"testov-n-komponent\\">Testování komponent <a href=\\"#testov-n-komponent\\">#</a></h2><p>Tato traita je novější, takže toho neumí tolik (nikdo asi nic dalšího zatím nepotřeboval). V praxi se ale ukázalo jako šikovné ověřit si, že naše skvělá, malá a chytrá komponenta vykresluje to co má. k tomu slouží <code>checkRenderOutput</code>:</p>
<pre><code class=\\"hljs lang-php\\"><span class=\\"hljs-keyword\\">use</span> \\\\<span class=\\"hljs-title\\">Testbench</span>\\\\<span class=\\"hljs-title\\">TComponent</span>;
<span class=\\"hljs-keyword\\">public</span> <span class=\\"hljs-function\\"><span class=\\"hljs-keyword\\">function</span> <span class=\\"hljs-title\\">testComponentRender</span><span class=\\"hljs-params\\">()</span>
</span>{
    $control = <span class=\\"hljs-keyword\\">new</span> \\\\Component;
    <span class=\\"hljs-keyword\\">$this</span>-&gt;checkRenderOutput($control, <span class=\\"hljs-string\\">'&lt;strong&gt;OK%A%'</span>); <span class=\\"hljs-comment\\">//match string</span>
    <span class=\\"hljs-keyword\\">$this</span>-&gt;checkRenderOutput($control, <span class=\\"hljs-keyword\\">__DIR__</span> . <span class=\\"hljs-string\\">'/Component.expected'</span>); <span class=\\"hljs-comment\\">//match file content</span>
}
</code></pre>
<p>Interně zde Testbench využívá <a href=\\"https://tester.nette.org/#toc-assert-match\\">match</a> resp. <code>matchFile</code> z Nette\\\\Testeru. Je to šikovná pomůcka jak si rychle ověřit, že třeba komponenta co se stará o <code>&lt;title&gt;</code> se o něj stará skutečně správně a vrací takové HTML, jaké vracet má. Navíc se vnitřně komponenta připojuje k <code>PresenterMock</code>, který má zkrácený životní cyklus oproti běžným presenterům - takže by to celé mělo být hned rychlejší. Pokud by připravený mock z nějakého důvodu nevyhovoval, je možné jej vyměnit:</p>
<pre><code class=\\"hljs lang-php\\">services:
    testbench.presenterMock: CustomPresenterMock
</code></pre>
<p>Takových mocků je připravená celá řada, mrkněte se do <a href=\\"https://github.com/mrtnzlml/testbench/tree/master/src/mocks\\">kódu</a>. Může se hodit...</p>
<h2 id=\\"pr-ce-s-datab-z-\\">Práce s databází <a href=\\"#pr-ce-s-datab-z-\\">#</a></h2><p>Když začnou mít testy velké ambice a potřebují pracovat s databází, je zde jednoduché řešení ve formě <code>Testbench\\\\TDoctrine</code> traity. Jak název napovídá, tak Testbench momentálně podporuje pouze Doctrine, protože s ničím jiným momentálně nepracuju. Ačkoliv je příprava práce s databází asi nejsložitější, tak samotná traita poskytuje pouze jednu metodu na získání EntityManageru:</p>
<pre><code class=\\"hljs lang-php\\"><span class=\\"hljs-keyword\\">use</span> \\\\<span class=\\"hljs-title\\">Testbench</span>\\\\<span class=\\"hljs-title\\">TDoctrine</span>;
<span class=\\"hljs-keyword\\">public</span> <span class=\\"hljs-function\\"><span class=\\"hljs-keyword\\">function</span> <span class=\\"hljs-title\\">testDatabase</span><span class=\\"hljs-params\\">()</span>
</span>{
    $em = <span class=\\"hljs-keyword\\">$this</span>-&gt;getEntityManager();
    <span class=\\"hljs-comment\\">//Tester\\\\Assert::...</span>
}
</code></pre>
<p>Testbench tedy připravuje čisté izolované databáze, konfiguruje jednotlivé testy a dává k dispozici připravený ObjectManager resp. EntityManager z Kdyby. Teď už se může programátor jakkoliv nad testovací databází vyřádit. Klidně bych přidal i další funkce, ale jak jsem již psal. Nechce se mi přidávat hovadiny. A proč pouze Doctrine? Protože jsem další databáze ještě nenapsal. Ani vlastně nevím jak to udělat správně vzhledem k tomu, že se používají traity. Asi by bylo nejpohodlnější napsat další traitu, třeba <code>TNetteDatabase</code> nebo <code>TDibi</code>. Stejně tak existuje <a href=\\"https://github.com/mrtnzlml/testbench/issues/7\\">tato issue</a> která narážela na skutečnost, že se může traita při MySQL chovat jinak než PostgreSQL. Ani to vlastně nevím jak udělat správně. Takže když nekdo budete mít volnou chvilku, tak ocením jakoukoliv pomoc... :)</p>
<h2 id=\\"drawbacks\\">Drawbacks <a href=\\"#drawbacks\\">#</a></h2><p>Nemám rád traity. Jsou sice cool, ale nemám je rád. Hlavně asi kvůli tomuto <a href=\\"https://bugs.php.net/bug.php?id=63911\\">bugu v PHP</a>. Ale myslím si, že zrovna Testbench je vhodné místo, kde lze traity použít lépe, než cokoliv jiného. Jen je třeba myslet, že může v určitých situacích nastat problém. Zároveň také zatím není stabilní tag této druhé verze, takže zatím používejte <code>dev-master</code> (případně existuje RC). Stabilní mám v plánu vydat někdy po tomto článku až sesbírám ohlasy a zapracuju je. Zároveň bych rád také vyřešil již zmiňovanou issue.</p>
<h2 id=\\"advantages\\">Advantages <a href=\\"#advantages\\">#</a></h2><p>Testbench sám o sobě obsahuje poměrně bohaté testy. Byla by ostuda, kdyby to tak nebylo. Jak jsem se zde snažil popsat, tak napsat nějaké rychlé testy, které odhalí největší chyby je velmi jednoduché. Sám Testbench rád používám. Zejména teď je tato knihovna mojí velkou oporou, protože pracuji s legacy kódem, který je velmi složité otestovat. Jakýkoliv test tedy může zachránit můj zadek a proto se mi i ty nejzákladnější testy na presentery (a hlavně na <code>UI\\\\Control</code> komponenty) hodně hodí. Využití ale bude mít i u jednoduchých webů, kde není skoro co testovat, protože aplikace skoro nic nedělá, ale je fajn vědět, jestli ještě všechny stránky fungují. U složitějších webů by měl Testbench poskytnout dostatečnou oporu při konfiguraci prostředí s tím, že v ničem nebrání a je možné dopsat si vlastní testy.</p>
<p>Jsem zvědav, kam co budu ještě přidávat za funkce. Asi to bude hodně kopírovat stav té legacy appky. Ale rád bych to dotáhl až někam k akceptačním testům, pokud to nebude zbytečně složité. To je ale daleká budoucnost.</p>
<p><a href=\\"https://github.com/mrtnzlml/testbench\\">Have fun!</a></p>
",
        }
      }
    />
    <p
      style={
        Object {
          "fontSize": "2rem",
          "hyphens": "auto",
          "textAlign": "justify",
        }
      }
    >
      <strong>
        Do you have any comments? That's great!
         
        <span
          className="jsx-3168189516"
        >
          <a
            className="jsx-3168189516 "
            href="https://twitter.com/home?status=https%3A%2F%2Fzlml.cz%2Fjednoduche-testovani-pro-uplne-kazdeho%20cc%20%40mrtnzlml"
          >
            Tweet them
          </a>
        </span>
         
        so everyone can hear you…
      </strong>
    </p>
    <p
      style={
        Object {
          "fontSize": "2rem",
          "hyphens": "auto",
          "textAlign": "justify",
        }
      }
    >
      <span
        className="jsx-3168189516"
      >
        <a
          className="jsx-3168189516"
          href="/archive"
          onClick={[Function]}
        >
          ← back to the archive
        </a>
      </span>
    </p>
  </div>
</div>
`;
