// Jest Snapshot v1, https://goo.gl/fbAQLP

exports[`renders correctly 1`] = `
<div>
  <div
    className="jsx-1307704868 wrapper"
  >
    <p
      style={
        Object {
          "fontSize": "2rem",
          "hyphens": "auto",
          "textAlign": "justify",
        }
      }
    >
      ¡Hola! My name is
    </p>
    <h1
      className="jsx-2279252371"
    >
      <span
        className="jsx-3168189516"
      >
        <a
          className="jsx-3168189516"
          href="/"
          onClick={[Function]}
        >
          Martin Zlámal
        </a>
      </span>
    </h1>
    <p
      style={
        Object {
          "fontSize": "2rem",
          "hyphens": "auto",
          "textAlign": "justify",
        }
      }
    >
      <span
        className="jsx-3168189516"
      >
        <a
          className="jsx-3168189516"
          href="/archive"
          onClick={[Function]}
        >
          ← back to the archive
        </a>
      </span>
    </p>
    <h1
      className="jsx-764030434"
    >
      LaTeX šablona
    </h1>
    <div
      className="jsx-764030434 article"
      dangerouslySetInnerHTML={
        Object {
          "__html": "<p>Všiml si také někdo, že většina uživatelů WYSIWYG textového editoru typu Word v něm menšinu času píší a většinu času se snaží ohnout editor tak, aby dělal to co má? Tak přesně toto mě přestalo bavit a začal jsem všechny práce sázet v LaTeXu. Pro psaní mám vytvořenou následující šablonu, kterou s výhodou používám a zatím jsou na ní od kontrolujících dobré ohlasy (pokud si toho někdo všiml).</p>
<pre><code class=\\"hljs lang-tex\\"><span class=\\"hljs-tag\\">\\\\<span class=\\"hljs-name\\">documentclass</span><span class=\\"hljs-string\\">[12pt]</span><span class=\\"hljs-string\\">{article}</span></span> <span class=\\"hljs-comment\\">% use larger type; default would be 10pt</span>
<span class=\\"hljs-tag\\">\\\\<span class=\\"hljs-name\\">usepackage</span><span class=\\"hljs-string\\">[czech]</span><span class=\\"hljs-string\\">{babel}</span></span>
<span class=\\"hljs-tag\\">\\\\<span class=\\"hljs-name\\">usepackage</span><span class=\\"hljs-string\\">[utf8]</span><span class=\\"hljs-string\\">{inputenc}</span></span> <span class=\\"hljs-comment\\">% set input encoding (not needed with XeLaTeX)</span>

<span class=\\"hljs-comment\\">%%% PAGE DIMENSIONS</span>
<span class=\\"hljs-tag\\">\\\\<span class=\\"hljs-name\\">usepackage</span><span class=\\"hljs-string\\">{geometry}</span></span> <span class=\\"hljs-comment\\">% to change the page dimensions</span>
<span class=\\"hljs-comment\\">% \\\\usepackage[left=2cm,right=2cm,top=2cm,bottom=2cm]{geometry}</span>
<span class=\\"hljs-tag\\">\\\\<span class=\\"hljs-name\\">geometry</span><span class=\\"hljs-string\\">{a4paper}</span></span>

<span class=\\"hljs-tag\\">\\\\<span class=\\"hljs-name\\">usepackage</span><span class=\\"hljs-string\\">{graphicx}</span></span> <span class=\\"hljs-comment\\">% support the \\\\includegraphics command and options</span>
<span class=\\"hljs-tag\\">\\\\<span class=\\"hljs-name\\">usepackage</span><span class=\\"hljs-string\\">{wrapfig}</span></span> <span class=\\"hljs-comment\\">% support the wrapfigure section</span>

<span class=\\"hljs-tag\\">\\\\<span class=\\"hljs-name\\">usepackage</span><span class=\\"hljs-string\\">{hyperref}</span></span> <span class=\\"hljs-comment\\">% links in \\\\tableofcontents</span>
<span class=\\"hljs-tag\\">\\\\<span class=\\"hljs-name\\">hypersetup</span><span class=\\"hljs-string\\">{
    colorlinks,
    citecolor=black,
    filecolor=black,
    linkcolor=black,
    urlcolor=black
}</span></span>

<span class=\\"hljs-comment\\">% \\\\usepackage[parfill]{parskip} % Activate to begin paragraphs with an empty line rather than an indent</span>

<span class=\\"hljs-comment\\">%%% PACKAGES</span>
<span class=\\"hljs-tag\\">\\\\<span class=\\"hljs-name\\">usepackage</span><span class=\\"hljs-string\\">{booktabs}</span></span> <span class=\\"hljs-comment\\">% for much better looking tables</span>
<span class=\\"hljs-tag\\">\\\\<span class=\\"hljs-name\\">usepackage</span><span class=\\"hljs-string\\">{array}</span></span> <span class=\\"hljs-comment\\">% for better arrays (eg matrices) in maths</span>
<span class=\\"hljs-comment\\">%\\\\usepackage{paralist} % very flexible &amp; customisable lists (eg. enumerate/itemize, etc.)</span>
<span class=\\"hljs-tag\\">\\\\<span class=\\"hljs-name\\">usepackage</span><span class=\\"hljs-string\\">{verbatim}</span></span> <span class=\\"hljs-comment\\">% adds environment for commenting out blocks of text &amp; for better verbatim</span>
<span class=\\"hljs-tag\\">\\\\<span class=\\"hljs-name\\">usepackage</span><span class=\\"hljs-string\\">{subfig}</span></span> <span class=\\"hljs-comment\\">% make it possible to include more than one captioned figure/table in a single float</span>
<span class=\\"hljs-comment\\">% These packages are all incorporated in the memoir class to one degree or another...</span>
<span class=\\"hljs-tag\\">\\\\<span class=\\"hljs-name\\">usepackage</span><span class=\\"hljs-string\\">{tikz}</span></span> <span class=\\"hljs-comment\\">% graphs</span>
<span class=\\"hljs-tag\\">\\\\<span class=\\"hljs-name\\">usepackage</span><span class=\\"hljs-string\\">{pgfplots}</span></span>
<span class=\\"hljs-tag\\">\\\\<span class=\\"hljs-name\\">usepackage</span><span class=\\"hljs-string\\">{float}</span></span>

<span class=\\"hljs-comment\\">%%% HEADERS &amp; FOOTERS</span>
<span class=\\"hljs-tag\\">\\\\<span class=\\"hljs-name\\">usepackage</span><span class=\\"hljs-string\\">{fancyhdr}</span></span> <span class=\\"hljs-comment\\">% This should be set AFTER setting up the page geometry</span>
<span class=\\"hljs-tag\\">\\\\<span class=\\"hljs-name\\">pagestyle</span><span class=\\"hljs-string\\">{fancy}</span></span> <span class=\\"hljs-comment\\">% options: empty , plain , fancy</span>
<span class=\\"hljs-tag\\">\\\\<span class=\\"hljs-name\\">renewcommand</span><span class=\\"hljs-string\\">{\\\\headrulewidth}</span><span class=\\"hljs-string\\">{0pt}</span></span> <span class=\\"hljs-comment\\">% customise the layout...</span>
<span class=\\"hljs-tag\\">\\\\<span class=\\"hljs-name\\">lhead</span><span class=\\"hljs-string\\">{}</span></span><span class=\\"hljs-tag\\">\\\\<span class=\\"hljs-name\\">chead</span><span class=\\"hljs-string\\">{}</span></span><span class=\\"hljs-tag\\">\\\\<span class=\\"hljs-name\\">rhead</span><span class=\\"hljs-string\\">{}</span></span>
<span class=\\"hljs-tag\\">\\\\<span class=\\"hljs-name\\">lfoot</span><span class=\\"hljs-string\\">{}</span></span><span class=\\"hljs-tag\\">\\\\<span class=\\"hljs-name\\">cfoot</span><span class=\\"hljs-string\\">{\\\\thepage}</span></span><span class=\\"hljs-tag\\">\\\\<span class=\\"hljs-name\\">rfoot</span><span class=\\"hljs-string\\">{}</span></span>

<span class=\\"hljs-comment\\">%%% SECTION TITLE APPEARANCE</span>
<span class=\\"hljs-tag\\">\\\\<span class=\\"hljs-name\\">usepackage</span><span class=\\"hljs-string\\">{sectsty}</span></span>
<span class=\\"hljs-tag\\">\\\\<span class=\\"hljs-name\\">allsectionsfont</span><span class=\\"hljs-string\\">{\\\\sffamily\\\\mdseries\\\\upshape}</span></span> <span class=\\"hljs-comment\\">% (See the fntguide.pdf for font help)</span>
<span class=\\"hljs-comment\\">% (This matches ConTeXt defaults)</span>

<span class=\\"hljs-comment\\">%%% ToC (table of contents) APPEARANCE</span>
<span class=\\"hljs-tag\\">\\\\<span class=\\"hljs-name\\">usepackage</span><span class=\\"hljs-string\\">[nottoc,notlof,notlot]</span><span class=\\"hljs-string\\">{tocbibind}</span></span> <span class=\\"hljs-comment\\">% Put the bibliography in the ToC</span>
<span class=\\"hljs-tag\\">\\\\<span class=\\"hljs-name\\">usepackage</span><span class=\\"hljs-string\\">[titles,subfigure]</span><span class=\\"hljs-string\\">{tocloft}</span></span> <span class=\\"hljs-comment\\">% Alter the style of the Table of Contents</span>
<span class=\\"hljs-tag\\">\\\\<span class=\\"hljs-name\\">renewcommand</span><span class=\\"hljs-string\\">{\\\\cftsecfont}</span><span class=\\"hljs-string\\">{\\\\rmfamily\\\\mdseries\\\\upshape}</span></span>
<span class=\\"hljs-tag\\">\\\\<span class=\\"hljs-name\\">renewcommand</span><span class=\\"hljs-string\\">{\\\\cftsecpagefont}</span><span class=\\"hljs-string\\">{\\\\rmfamily\\\\mdseries\\\\upshape}</span></span> <span class=\\"hljs-comment\\">% No bold!</span>

ewcommand{<span class=\\"hljs-tag\\">\\\\<span class=\\"hljs-name\\">bigsize</span></span>}{<span class=\\"hljs-tag\\">\\\\<span class=\\"hljs-name\\">fontsize</span><span class=\\"hljs-string\\">{35pt}</span><span class=\\"hljs-string\\">{20pt}</span></span><span class=\\"hljs-tag\\">\\\\<span class=\\"hljs-name\\">selectfont</span></span>}

<span class=\\"hljs-comment\\">%%% END Article customizations</span>

<span class=\\"hljs-tag\\">\\\\<span class=\\"hljs-name\\">begin</span><span class=\\"hljs-string\\">{document}</span></span>

    ...

<span class=\\"hljs-tag\\">\\\\<span class=\\"hljs-name\\">end</span><span class=\\"hljs-string\\">{document}</span></span>
</code></pre>
<p>Jsem relativně LaTeX nováčkem, proto by mě zajímalo. Používáte nějakou jinou šablonu? Lepší?</p>
",
        }
      }
    />
    <p
      style={
        Object {
          "fontSize": "2rem",
          "hyphens": "auto",
          "textAlign": "justify",
        }
      }
    >
      <strong>
        Do you have any comments? That's great!
         
        <span
          className="jsx-3168189516"
        >
          <a
            className="jsx-3168189516 "
            href="https://twitter.com/home?status=https%3A%2F%2Fzlml.cz%2Flatex-sablona%20cc%20%40mrtnzlml"
          >
            Tweet them
          </a>
        </span>
         
        so everyone can hear you…
      </strong>
    </p>
    <p
      style={
        Object {
          "fontSize": "2rem",
          "hyphens": "auto",
          "textAlign": "justify",
        }
      }
    >
      <span
        className="jsx-3168189516"
      >
        <a
          className="jsx-3168189516"
          href="/archive"
          onClick={[Function]}
        >
          ← back to the archive
        </a>
      </span>
    </p>
  </div>
</div>
`;
