// Jest Snapshot v1, https://goo.gl/fbAQLP

exports[`renders correctly 1`] = `
<div>
  <div
    className="jsx-1307704868 wrapper"
  >
    <p
      style={
        Object {
          "fontSize": "2rem",
          "hyphens": "auto",
          "textAlign": "justify",
        }
      }
    >
      ¡Hola! My name is
    </p>
    <h1
      className="jsx-2279252371"
    >
      <span
        className="jsx-3168189516"
      >
        <a
          className="jsx-3168189516"
          href="/"
          onClick={[Function]}
        >
          Martin Zlámal
        </a>
      </span>
    </h1>
    <p
      style={
        Object {
          "fontSize": "2rem",
          "hyphens": "auto",
          "textAlign": "justify",
        }
      }
    >
      <span
        className="jsx-3168189516"
      >
        <a
          className="jsx-3168189516"
          href="/archive"
          onClick={[Function]}
        >
          ← back to the archive
        </a>
      </span>
    </p>
    <h1
      className="jsx-764030434"
    >
      RSS a Sitemap jednoduše a rychle
    </h1>
    <div
      className="jsx-764030434 article"
      dangerouslySetInnerHTML={
        Object {
          "__html": "<p>Pár článků zpět jsem ukazoval několik příkladů, jak tvořit různé routy. Ukazoval jsem routy pro RSS i sitemap.xml. Nikde jsem však zatím neukazoval jak je to jednoduše realizovatelné. Dokonce tak jednoduše, že je škoda tyto soubory nevyužít na jakémkoliv webu, protože mají poměrně velký potenciál.</p>
<p>Začněme HomepagePresenterem (DEV Nette):</p>
<pre><code class=\\"hljs lang-php\\"><span class=\\"hljs-meta\\">&lt;?php</span>

<span class=\\"hljs-class\\"><span class=\\"hljs-keyword\\">class</span> <span class=\\"hljs-title\\">HomepagePresenter</span> <span class=\\"hljs-keyword\\">extends</span> <span class=\\"hljs-title\\">BasePresenter</span> </span>{

    <span class=\\"hljs-comment\\">/** <span class=\\"hljs-doctag\\">@var</span> \\\\Model\\\\Posts <span class=\\"hljs-doctag\\">@inject</span> */</span>
    <span class=\\"hljs-keyword\\">public</span> $posts;

    <span class=\\"hljs-keyword\\">public</span> <span class=\\"hljs-function\\"><span class=\\"hljs-keyword\\">function</span> <span class=\\"hljs-title\\">renderRss</span><span class=\\"hljs-params\\">()</span> </span>{
        <span class=\\"hljs-keyword\\">$this</span>-&gt;template-&gt;posts = <span class=\\"hljs-keyword\\">$this</span>-&gt;posts-&gt;getAllPosts()-&gt;order(<span class=\\"hljs-string\\">'date DESC'</span>)-&gt;limit(<span class=\\"hljs-number\\">50</span>);
    }

    <span class=\\"hljs-keyword\\">public</span> <span class=\\"hljs-function\\"><span class=\\"hljs-keyword\\">function</span> <span class=\\"hljs-title\\">renderSitemap</span><span class=\\"hljs-params\\">()</span> </span>{
        <span class=\\"hljs-keyword\\">$this</span>-&gt;template-&gt;sitemap = <span class=\\"hljs-keyword\\">$this</span>-&gt;posts-&gt;getAllPosts();
    }

}
</code></pre>
<p>Tímto říkám, že do šablon <code>rss.latte</code> a <code>sitemap.latte</code> předávám všechny články, nebo jen některé, protože nechci dělat dump celé databáze pro RSS.</p>
<p>Pro úplnost ještě \\\\Model\\\\Posts:</p>
<pre><code class=\\"hljs lang-php\\"><span class=\\"hljs-meta\\">&lt;?php</span>

<span class=\\"hljs-keyword\\">namespace</span> <span class=\\"hljs-title\\">Model</span>;

<span class=\\"hljs-class\\"><span class=\\"hljs-keyword\\">class</span> <span class=\\"hljs-title\\">Posts</span> <span class=\\"hljs-keyword\\">extends</span> \\\\<span class=\\"hljs-title\\">Nette</span>\\\\<span class=\\"hljs-title\\">Object</span> </span>{

    <span class=\\"hljs-comment\\">/** <span class=\\"hljs-doctag\\">@var</span> \\\\Nette\\\\Database\\\\SelectionFactory <span class=\\"hljs-doctag\\">@inject</span> */</span>
    <span class=\\"hljs-keyword\\">public</span> $sf;

    <span class=\\"hljs-comment\\">/**
     * <span class=\\"hljs-doctag\\">@return</span> Nette\\\\Database\\\\Table\\\\Selection
     */</span>
    <span class=\\"hljs-keyword\\">public</span> <span class=\\"hljs-function\\"><span class=\\"hljs-keyword\\">function</span> <span class=\\"hljs-title\\">getAllPosts</span><span class=\\"hljs-params\\">()</span> </span>{
        <span class=\\"hljs-keyword\\">return</span> <span class=\\"hljs-keyword\\">$this</span>-&gt;sf-&gt;table(<span class=\\"hljs-string\\">'posts'</span>);
    }

}
</code></pre>
<p>A následují samotné šablony, které musí dodržovat určitý formát, takže se lehce odlišují od normálních šablon. Sitemap.latte:</p>
<pre><code class=\\"hljs lang-html\\">{contentType application/xml}
<span class=\\"php\\"><span class=\\"hljs-meta\\">&lt;?</span>xml version=<span class=\\"hljs-string\\">\\"1.0\\"</span> encoding=<span class=\\"hljs-string\\">\\"UTF-8\\"</span><span class=\\"hljs-meta\\">?&gt;</span></span>

<span class=\\"hljs-tag\\">&lt;<span class=\\"hljs-name\\">urlset</span> <span class=\\"hljs-attr\\">xmlns</span>=<span class=\\"hljs-string\\">\\"http://www.sitemaps.org/schemas/sitemap/0.9\\"</span>&gt;</span>
    {foreach $sitemap as $s}
        <span class=\\"hljs-tag\\">&lt;<span class=\\"hljs-name\\">url</span>&gt;</span>
            <span class=\\"hljs-tag\\">&lt;<span class=\\"hljs-name\\">loc</span>&gt;</span>{link //Single:article $s-&gt;id}<span class=\\"hljs-tag\\">&lt;/<span class=\\"hljs-name\\">loc</span>&gt;</span>
        <span class=\\"hljs-tag\\">&lt;/<span class=\\"hljs-name\\">url</span>&gt;</span>
    {/foreach}
<span class=\\"hljs-tag\\">&lt;/<span class=\\"hljs-name\\">urlset</span>&gt;</span>
</code></pre>
<p>Rss.latte:</p>
<pre><code class=\\"hljs lang-html\\">{contentType application/xml}
<span class=\\"php\\"><span class=\\"hljs-meta\\">&lt;?</span>xml version=<span class=\\"hljs-string\\">\\"1.0\\"</span> encoding=<span class=\\"hljs-string\\">\\"UTF-8\\"</span><span class=\\"hljs-meta\\">?&gt;</span></span>

<span class=\\"hljs-tag\\">&lt;<span class=\\"hljs-name\\">rss</span> <span class=\\"hljs-attr\\">version</span>=<span class=\\"hljs-string\\">\\"2.0\\"</span>&gt;</span>
    <span class=\\"hljs-tag\\">&lt;<span class=\\"hljs-name\\">channel</span>&gt;</span>
        <span class=\\"hljs-tag\\">&lt;<span class=\\"hljs-name\\">title</span>&gt;</span>Martin Zlámal [BLOG]<span class=\\"hljs-tag\\">&lt;/<span class=\\"hljs-name\\">title</span>&gt;</span>
        <span class=\\"hljs-tag\\">&lt;<span class=\\"hljs-name\\">link</span>&gt;</span>{link //:Homepage:default}<span class=\\"hljs-tag\\">&lt;/<span class=\\"hljs-name\\">link</span>&gt;</span>
        <span class=\\"hljs-tag\\">&lt;<span class=\\"hljs-name\\">description</span>&gt;</span>Nejnovější články na blogu.<span class=\\"hljs-tag\\">&lt;/<span class=\\"hljs-name\\">description</span>&gt;</span>
        <span class=\\"hljs-tag\\">&lt;<span class=\\"hljs-name\\">language</span>&gt;</span>cs<span class=\\"hljs-tag\\">&lt;/<span class=\\"hljs-name\\">language</span>&gt;</span>

        <span class=\\"hljs-tag\\">&lt;<span class=\\"hljs-name\\">item</span> <span class=\\"hljs-attr\\">n:foreach</span>=<span class=\\"hljs-string\\">\\"$posts as $post\\"</span>&gt;</span>
            <span class=\\"hljs-tag\\">&lt;<span class=\\"hljs-name\\">title</span>&gt;</span>{$post-&gt;title}<span class=\\"hljs-tag\\">&lt;/<span class=\\"hljs-name\\">title</span>&gt;</span>
            <span class=\\"hljs-tag\\">&lt;<span class=\\"hljs-name\\">link</span>&gt;</span>{link //:Single:article $post-&gt;id}<span class=\\"hljs-tag\\">&lt;/<span class=\\"hljs-name\\">link</span>&gt;</span>
            <span class=\\"hljs-tag\\">&lt;<span class=\\"hljs-name\\">description</span>&gt;</span>{$post-&gt;body|texy|striptags}<span class=\\"hljs-tag\\">&lt;/<span class=\\"hljs-name\\">description</span>&gt;</span>
        <span class=\\"hljs-tag\\">&lt;/<span class=\\"hljs-name\\">item</span>&gt;</span>
    <span class=\\"hljs-tag\\">&lt;/<span class=\\"hljs-name\\">channel</span>&gt;</span>
<span class=\\"hljs-tag\\">&lt;/<span class=\\"hljs-name\\">rss</span>&gt;</span>
</code></pre>
<p>A pro úplnou úplnost i router:</p>
<pre><code class=\\"hljs lang-php\\"><span class=\\"hljs-meta\\">&lt;?php</span>

<span class=\\"hljs-keyword\\">namespace</span> <span class=\\"hljs-title\\">App</span>;
<span class=\\"hljs-keyword\\">use</span> <span class=\\"hljs-title\\">Nette</span>;
<span class=\\"hljs-keyword\\">use</span> <span class=\\"hljs-title\\">Nette</span>\\\\<span class=\\"hljs-title\\">Application</span>\\\\<span class=\\"hljs-title\\">Routers</span>\\\\<span class=\\"hljs-title\\">Route</span>;
<span class=\\"hljs-keyword\\">use</span> <span class=\\"hljs-title\\">Nette</span>\\\\<span class=\\"hljs-title\\">Application</span>\\\\<span class=\\"hljs-title\\">Routers</span>\\\\<span class=\\"hljs-title\\">RouteList</span>;
<span class=\\"hljs-keyword\\">use</span> <span class=\\"hljs-title\\">Nette</span>\\\\<span class=\\"hljs-title\\">Application</span>\\\\<span class=\\"hljs-title\\">Routers</span>\\\\<span class=\\"hljs-title\\">SimpleRouter</span>;

<span class=\\"hljs-class\\"><span class=\\"hljs-keyword\\">class</span> <span class=\\"hljs-title\\">RouterFactory</span> </span>{

    <span class=\\"hljs-comment\\">/**
     * <span class=\\"hljs-doctag\\">@return</span> \\\\Nette\\\\Application\\\\IRouter
     */</span>
    <span class=\\"hljs-keyword\\">public</span> <span class=\\"hljs-function\\"><span class=\\"hljs-keyword\\">function</span> <span class=\\"hljs-title\\">createRouter</span><span class=\\"hljs-params\\">()</span> </span>{
        $router = <span class=\\"hljs-keyword\\">new</span> RouteList();
        $router[] = <span class=\\"hljs-keyword\\">new</span> Route(<span class=\\"hljs-string\\">'sitemap.xml'</span>, <span class=\\"hljs-string\\">'Homepage:sitemap'</span>);
        <span class=\\"hljs-comment\\">// na RSS se dá odkazovat normálně bez routeru, nebo:</span>
        $router[] = <span class=\\"hljs-keyword\\">new</span> Route(<span class=\\"hljs-string\\">'rss.xml'</span>, <span class=\\"hljs-string\\">'Homepage:rss'</span>);
        <span class=\\"hljs-comment\\">//...</span>
        $router[] = <span class=\\"hljs-keyword\\">new</span> Route(<span class=\\"hljs-string\\">'&lt;presenter&gt;/&lt;action&gt;[/&lt;id&gt;]'</span>, <span class=\\"hljs-string\\">'Homepage:default'</span>);
        <span class=\\"hljs-keyword\\">return</span> $router;
    }

}
</code></pre>
<p>Jednoduché a na pár řádek. Jen vědět jak na to... (-:</p>
",
        }
      }
    />
    <p
      style={
        Object {
          "fontSize": "2rem",
          "hyphens": "auto",
          "textAlign": "justify",
        }
      }
    >
      <strong>
        Do you have any comments? That's great!
         
        <span
          className="jsx-3168189516"
        >
          <a
            className="jsx-3168189516 "
            href="https://twitter.com/home?status=https%3A%2F%2Fzlml.cz%2Frss-a-sitemap-jednoduse-a-rychle%20cc%20%40mrtnzlml"
          >
            Tweet them
          </a>
        </span>
         
        so everyone can hear you…
      </strong>
    </p>
    <p
      style={
        Object {
          "fontSize": "2rem",
          "hyphens": "auto",
          "textAlign": "justify",
        }
      }
    >
      <span
        className="jsx-3168189516"
      >
        <a
          className="jsx-3168189516"
          href="/archive"
          onClick={[Function]}
        >
          ← back to the archive
        </a>
      </span>
    </p>
  </div>
</div>
`;
